* using log directory ‘/home/zacharju/Develop_R_Packages_13_08/munich.Rcheck’
* using R version 4.6.1 (2026-06-24)
* using platform: x86_64-redhat-linux-gnu
* R was compiled by
    gcc (GCC) 16.1.1 20260515 (Red Hat 16.1.1-2)
    GNU Fortran (GCC) 16.1.1 20260515 (Red Hat 16.1.1-2)
* running under: Fedora Linux 44 (KDE Plasma Desktop Edition)
* using session charset: UTF-8
* current time: 2026-08-13 09:05:47 UTC
* using options ‘--no-manual --as-cran’
* checking for file ‘munich/DESCRIPTION’ ... OK
* checking extension type ... Package
* this is package ‘munich’ version ‘0.1.0’
* package encoding: UTF-8
* checking package namespace information ... OK
* checking package dependencies ... INFO
Package suggested but not available for checking: ‘dplyr’
* checking if this is a source package ... OK
* checking if there is a namespace ... OK
* checking for executable files ... OK
* checking for hidden files and directories ... OK
* checking for portable file names ... OK
* checking for sufficient/correct file permissions ... OK
* checking whether package ‘munich’ can be installed ... OK
* checking installed package size ... OK
* checking package directory ... OK
* checking for future file timestamps ... OK
* checking ‘build’ directory ... OK
* checking DESCRIPTION meta-information ... NOTE
Lizenzkomponenten, die Templates sind und '+ file LICENCE' benötigen:
  MIT
* checking top-level files ... OK
* checking for left-over files ... OK
* checking index information ... OK
* checking package subdirectories ... OK
* checking code files for non-ASCII characters ... OK
* checking R files for syntax errors ... OK
* checking whether the package can be loaded ... OK
* checking whether the package can be loaded with stated dependencies ... OK
* checking whether the package can be unloaded cleanly ... OK
* checking whether the namespace can be loaded with stated dependencies ... OK
* checking whether the namespace can be unloaded cleanly ... OK
* checking loading without being on the library search path ... OK
* checking dependencies in R code ... OK
* checking S3 generic/method consistency ... OK
* checking replacement functions ... OK
* checking foreign function calls ... OK
* checking R code for possible problems ... OK
* checking Rd files ... OK
* checking Rd metadata ... OK
* checking Rd line widths ... OK
* checking Rd cross-references ... OK
* checking for missing documentation entries ... OK
* checking for code/documentation mismatches ... OK
* checking Rd \usage sections ... WARNING
Undokumentierte Argumente iRd Datei 'hello2.Rd'
  ‘x’

Functions with \usage entries need to have the appropriate \alias
entries, and all their arguments documented.
The \usage entries must correspond to syntactically valid R code.
See chapter ‘Writing R documentation files’ in the ‘Writing R
Extensions’ manual.
* checking Rd contents ... OK
* checking for unstated dependencies in examples ... OK
* checking installed files from ‘inst/doc’ ... OK
* checking files in ‘vignettes’ ... OK
* checking examples ... ERROR
Running examples in ‘munich-Ex.R’ failed
The error most likely occurred in:

> base::assign(".ptime", proc.time(), pos = "CheckExEnv")
> ### Name: hello
> ### Title: Hello World with fruits
> ### Aliases: hello
> 
> ### ** Examples
> 
> a
Error: object 'a' not found
Execution halted
* checking for unstated dependencies in vignettes ... OK
* checking package vignettes ... OK
* checking re-building of vignette outputs ... OK
* checking for non-standard things in the check directory ... OK
* checking for detritus in the temp directory ... OK
* DONE
Status: 1 ERROR, 1 WARNING, 1 NOTE
